../Core/Src/EMPA_Sensor.c:44:9:EMPA_SensorInit	8	static
../Core/Src/EMPA_Sensor.c:92:9:EMPA_SensorProcess	8	static
../Core/Src/EMPA_Sensor.c:110:6:EMPA_SensorPrint	32	static
../Core/Src/EMPA_Sensor.c:137:9:sht40_sensor_process	16	static
../Core/Src/EMPA_Sensor.c:144:9:ism330_sensor_process	32	static
../Core/Src/EMPA_Sensor.c:162:9:imp34_sensor_process	8	static
../Core/Src/EMPA_Sensor.c:178:6:MDF_DMAConfig	4	static
../Core/Src/EMPA_Sensor.c:186:6:HAL_MDF_AcqHalfCpltCallback	16	static
../Core/Src/EMPA_Sensor.c:191:6:HAL_MDF_AcqCpltCallback	16	static
