../Core/Src/main.c:87:1:__io_putchar	16	static
../Core/Src/main.c:102:5:main	8	static
../Core/Src/main.c:166:6:SystemClock_Config	128	static
../Core/Src/main.c:223:13:MX_ADF1_Init	8	static
../Core/Src/main.c:291:13:MX_GPDMA1_Init	16	static
../Core/Src/main.c:333:13:MX_ICACHE_Init	8	static
../Core/Src/main.c:365:13:MX_TIM1_Init	40	static
../Core/Src/main.c:412:13:MX_USART1_UART_Init	8	static
../Core/Src/main.c:460:13:MX_USART2_UART_Init	8	static
../Core/Src/main.c:508:13:MX_GPIO_Init	40	static
../Core/Src/main.c:580:6:Error_Handler	4	static,ignoring_inline_asm
