../Core/Src/myESP32AT.c:61:18:MQTT_Init	40	static
../Core/Src/myESP32AT.c:487:20:Wifi_Reset2	24	static
../Core/Src/myESP32AT.c:524:20:Wifi_SetWifiMode2	40	static
../Core/Src/myESP32AT.c:559:20:Wifi_StartSmartConfig2	24	static
../Core/Src/myESP32AT.c:593:19:Wifi_Receive	32	static
../Core/Src/myESP32AT.c:615:21:Wifi_CheckResponse	24	static
../Core/Src/myESP32AT.c:638:6:parse_wifi_info	40	static
../Core/Src/myESP32AT.c:650:20:Wifi_StopSmartConfig2	24	static
../Core/Src/myESP32AT.c:682:20:Wifi_QAP2	24	static
../Core/Src/myESP32AT.c:715:20:Wifi_SetAP2	88	static
../Core/Src/myESP32AT.c:751:20:Wifi_SetTime2	72	static
../Core/Src/myESP32AT.c:786:20:Wifi_MqttUserConfig2	112	static
../Core/Src/myESP32AT.c:822:20:Wifi_MqttConnConfig2	112	static
../Core/Src/myESP32AT.c:857:20:Wifi_MqttConn2	128	static
../Core/Src/myESP32AT.c:891:20:Wifi_GetMqttConn2	32	static
../Core/Src/myESP32AT.c:923:19:Wifi_SendCommand	24	static
../Core/Src/myESP32AT.c:933:21:UART_CheckResponse	16	static
../Core/Src/myESP32AT.c:954:20:Wifi_MqttSub2	128	static
../Core/Src/myESP32AT.c:990:6:Wifi_MqttPubInit	184	static
../Core/Src/myESP32AT.c:1028:20:Wifi_MqttPub2	240	static
../Core/Src/myESP32AT.c:1069:19:Wifi_SendCommand2	24	static
../Core/Src/myESP32AT.c:1078:20:Wifi_MqttPubRaw2	240	static
../Core/Src/myESP32AT.c:1205:6:UART_MqttCallbackPacketCapture	24	static
../Core/Src/myESP32AT.c:1277:20:Wifi_MqttSubInit	32	static
../Core/Src/myESP32AT.c:1308:6:UART_MqttPacketParser	24	static
../Core/Src/myESP32AT.c:1325:6:UART_MqttSubRecvParser	32	static
../Core/Src/myESP32AT.c:1446:6:charToInt	32	static
../Core/Src/myESP32AT.c:1479:6:getUniqueID3	24	static
../Core/Src/myESP32AT.c:1517:20:Wifi_GetMAC	24	static
../Core/Src/myESP32AT.c:1549:6:Wifi_WaitMqttData	8	static
../Core/Src/myESP32AT.c:1554:6:LED_MqttTXBlink	8	static
../Core/Src/myESP32AT.c:1560:6:LED_MqttRXBlink	8	static
../Core/Src/myESP32AT.c:1566:6:LED_Mqttconnected	16	static
